com\example\besttravel\entity\TicketEntity$TicketEntityBuilder.class
com\example\besttravel\repository\TourRepsotory.class
com\example\besttravel\entity\ReservationEntity$ReservationEntityBuilder.class
com\example\besttravel\entity\HotelEntity$HotelEntityBuilder.class
com\example\besttravel\repository\FlyRepository.class
com\example\besttravel\entity\AeroLine.class
com\example\besttravel\entity\FlyEntity$FlyEntityBuilder.class
com\example\besttravel\entity\HotelEntity.class
com\example\besttravel\entity\TicketEntity.class
com\example\besttravel\entity\TourEntity.class
com\example\besttravel\repository\HotelRepository.class
com\example\besttravel\entity\FlyEntity.class
com\example\besttravel\repository\TicketRepository.class
com\example\besttravel\entity\ReservationEntity.class
com\example\besttravel\entity\CustomerEntity.class
com\example\besttravel\entity\TourEntity$TourEntityBuilder.class
com\example\besttravel\repository\CustomerRepository.class
com\example\besttravel\entity\CustomerEntity$CustomerEntityBuilder.class
com\example\besttravel\repository\ReservationRepository.class
