C:\Users\maiad\OneDrive\Escritorio\PROYECTOS\best-travel\src\main\java\com\example\besttravel\entity\ReservationEntity.java
C:\Users\maiad\OneDrive\Escritorio\PROYECTOS\best-travel\src\main\java\com\example\besttravel\repository\TourRepsotory.java
C:\Users\maiad\OneDrive\Escritorio\PROYECTOS\best-travel\src\main\java\com\example\besttravel\repository\FlyRepository.java
C:\Users\maiad\OneDrive\Escritorio\PROYECTOS\best-travel\src\main\java\com\example\besttravel\repository\HotelRepository.java
C:\Users\maiad\OneDrive\Escritorio\PROYECTOS\best-travel\src\main\java\com\example\besttravel\repository\CustomerRepository.java
C:\Users\maiad\OneDrive\Escritorio\PROYECTOS\best-travel\src\main\java\com\example\besttravel\entity\CustomerEntity.java
C:\Users\maiad\OneDrive\Escritorio\PROYECTOS\best-travel\src\main\java\com\example\besttravel\repository\TicketRepository.java
C:\Users\maiad\OneDrive\Escritorio\PROYECTOS\best-travel\src\main\java\com\example\besttravel\entity\TourEntity.java
C:\Users\maiad\OneDrive\Escritorio\PROYECTOS\best-travel\src\main\java\com\example\besttravel\entity\FlyEntity.java
C:\Users\maiad\OneDrive\Escritorio\PROYECTOS\best-travel\src\main\java\com\example\besttravel\repository\ReservationRepository.java
C:\Users\maiad\OneDrive\Escritorio\PROYECTOS\best-travel\src\main\java\com\example\besttravel\entity\AeroLine.java
C:\Users\maiad\OneDrive\Escritorio\PROYECTOS\best-travel\src\main\java\com\example\besttravel\entity\HotelEntity.java
C:\Users\maiad\OneDrive\Escritorio\PROYECTOS\best-travel\src\main\java\com\example\besttravel\entity\TicketEntity.java
C:\Users\maiad\OneDrive\Escritorio\PROYECTOS\best-travel\src\main\java\com\example\besttravel\BestTravelApplication.java
